// Jest Snapshot v1, https://goo.gl/fbAQLP

exports[`<Button /> Shout match snapshot 1`] = `
<button
  class="button"
>
  More Posts
</button>
`;
